------------------------------------------------------------
Timing Analyzer Summary
------------------------------------------------------------

Type  : Slow 1200mV 85C Model Setup 'vga_ctrl_640x480_60Hz:vga_ctrl_inst|cntdiv_n:cntdiv_0|clkout'
Slack : -20.133
TNS   : -188.194

Type  : Slow 1200mV 85C Model Setup 'CLK'
Slack : -4.144
TNS   : -52.515

Type  : Slow 1200mV 85C Model Setup 'cntdiv_n:cntDiv0|clkout'
Slack : -2.701
TNS   : -15.535

Type  : Slow 1200mV 85C Model Hold 'CLK'
Slack : 0.339
TNS   : 0.000

Type  : Slow 1200mV 85C Model Hold 'cntdiv_n:cntDiv0|clkout'
Slack : 0.642
TNS   : 0.000

Type  : Slow 1200mV 85C Model Hold 'vga_ctrl_640x480_60Hz:vga_ctrl_inst|cntdiv_n:cntdiv_0|clkout'
Slack : 0.645
TNS   : 0.000

Type  : Slow 1200mV 85C Model Minimum Pulse Width 'CLK'
Slack : -3.000
TNS   : -43.687

Type  : Slow 1200mV 85C Model Minimum Pulse Width 'vga_ctrl_640x480_60Hz:vga_ctrl_inst|cntdiv_n:cntdiv_0|clkout'
Slack : -1.403
TNS   : -46.299

Type  : Slow 1200mV 85C Model Minimum Pulse Width 'cntdiv_n:cntDiv0|clkout'
Slack : -1.403
TNS   : -14.030

Type  : Slow 1200mV 0C Model Setup 'vga_ctrl_640x480_60Hz:vga_ctrl_inst|cntdiv_n:cntdiv_0|clkout'
Slack : -18.271
TNS   : -168.785

Type  : Slow 1200mV 0C Model Setup 'CLK'
Slack : -3.779
TNS   : -45.492

Type  : Slow 1200mV 0C Model Setup 'cntdiv_n:cntDiv0|clkout'
Slack : -2.385
TNS   : -13.239

Type  : Slow 1200mV 0C Model Hold 'CLK'
Slack : 0.304
TNS   : 0.000

Type  : Slow 1200mV 0C Model Hold 'cntdiv_n:cntDiv0|clkout'
Slack : 0.595
TNS   : 0.000

Type  : Slow 1200mV 0C Model Hold 'vga_ctrl_640x480_60Hz:vga_ctrl_inst|cntdiv_n:cntdiv_0|clkout'
Slack : 0.602
TNS   : 0.000

Type  : Slow 1200mV 0C Model Minimum Pulse Width 'CLK'
Slack : -3.000
TNS   : -43.687

Type  : Slow 1200mV 0C Model Minimum Pulse Width 'vga_ctrl_640x480_60Hz:vga_ctrl_inst|cntdiv_n:cntdiv_0|clkout'
Slack : -1.403
TNS   : -46.299

Type  : Slow 1200mV 0C Model Minimum Pulse Width 'cntdiv_n:cntDiv0|clkout'
Slack : -1.403
TNS   : -14.030

Type  : Fast 1200mV 0C Model Setup 'vga_ctrl_640x480_60Hz:vga_ctrl_inst|cntdiv_n:cntdiv_0|clkout'
Slack : -7.571
TNS   : -58.720

Type  : Fast 1200mV 0C Model Setup 'CLK'
Slack : -1.280
TNS   : -7.997

Type  : Fast 1200mV 0C Model Setup 'cntdiv_n:cntDiv0|clkout'
Slack : -0.495
TNS   : -1.748

Type  : Fast 1200mV 0C Model Hold 'CLK'
Slack : 0.147
TNS   : 0.000

Type  : Fast 1200mV 0C Model Hold 'vga_ctrl_640x480_60Hz:vga_ctrl_inst|cntdiv_n:cntdiv_0|clkout'
Slack : 0.249
TNS   : 0.000

Type  : Fast 1200mV 0C Model Hold 'cntdiv_n:cntDiv0|clkout'
Slack : 0.250
TNS   : 0.000

Type  : Fast 1200mV 0C Model Minimum Pulse Width 'CLK'
Slack : -3.000
TNS   : -32.815

Type  : Fast 1200mV 0C Model Minimum Pulse Width 'vga_ctrl_640x480_60Hz:vga_ctrl_inst|cntdiv_n:cntdiv_0|clkout'
Slack : -1.000
TNS   : -33.000

Type  : Fast 1200mV 0C Model Minimum Pulse Width 'cntdiv_n:cntDiv0|clkout'
Slack : -1.000
TNS   : -10.000

------------------------------------------------------------
