------------------------------------------------------------
Timing Analyzer Summary
------------------------------------------------------------

Type  : Slow 1200mV 85C Model Setup 'vga_ctrl_640x480_60Hz:vga_ctrl_inst|cntdiv_n:cntdiv_0|clkout'
Slack : -16.539
TNS   : -268.955

Type  : Slow 1200mV 85C Model Setup 'cntdiv_n:clk_divisor|clkout'
Slack : -9.101
TNS   : -602.215

Type  : Slow 1200mV 85C Model Setup 'clk'
Slack : -3.878
TNS   : -107.085

Type  : Slow 1200mV 85C Model Setup 'Driver_Teclado:teclado1|b'
Slack : -0.887
TNS   : -5.340

Type  : Slow 1200mV 85C Model Setup 'Driver_Teclado:teclado1|clkout'
Slack : -0.710
TNS   : -1.930

Type  : Slow 1200mV 85C Model Setup 'Driver_Teclado:teclado1|clkout2'
Slack : -0.673
TNS   : -4.634

Type  : Slow 1200mV 85C Model Hold 'Driver_Teclado:teclado1|clkout'
Slack : 0.340
TNS   : 0.000

Type  : Slow 1200mV 85C Model Hold 'clk'
Slack : 0.342
TNS   : 0.000

Type  : Slow 1200mV 85C Model Hold 'cntdiv_n:clk_divisor|clkout'
Slack : 0.342
TNS   : 0.000

Type  : Slow 1200mV 85C Model Hold 'Driver_Teclado:teclado1|clkout2'
Slack : 0.434
TNS   : 0.000

Type  : Slow 1200mV 85C Model Hold 'vga_ctrl_640x480_60Hz:vga_ctrl_inst|cntdiv_n:cntdiv_0|clkout'
Slack : 0.439
TNS   : 0.000

Type  : Slow 1200mV 85C Model Hold 'Driver_Teclado:teclado1|b'
Slack : 0.648
TNS   : 0.000

Type  : Slow 1200mV 85C Model Minimum Pulse Width 'clk'
Slack : -3.000
TNS   : -77.359

Type  : Slow 1200mV 85C Model Minimum Pulse Width 'cntdiv_n:clk_divisor|clkout'
Slack : -1.403
TNS   : -124.867

Type  : Slow 1200mV 85C Model Minimum Pulse Width 'Driver_Teclado:teclado1|clkout2'
Slack : -1.403
TNS   : -51.911

Type  : Slow 1200mV 85C Model Minimum Pulse Width 'vga_ctrl_640x480_60Hz:vga_ctrl_inst|cntdiv_n:cntdiv_0|clkout'
Slack : -1.403
TNS   : -50.508

Type  : Slow 1200mV 85C Model Minimum Pulse Width 'Driver_Teclado:teclado1|b'
Slack : -1.403
TNS   : -11.224

Type  : Slow 1200mV 85C Model Minimum Pulse Width 'Driver_Teclado:teclado1|clkout'
Slack : -1.403
TNS   : -8.418

Type  : Slow 1200mV 0C Model Setup 'vga_ctrl_640x480_60Hz:vga_ctrl_inst|cntdiv_n:cntdiv_0|clkout'
Slack : -15.018
TNS   : -244.838

Type  : Slow 1200mV 0C Model Setup 'cntdiv_n:clk_divisor|clkout'
Slack : -8.180
TNS   : -543.351

Type  : Slow 1200mV 0C Model Setup 'clk'
Slack : -3.510
TNS   : -93.875

Type  : Slow 1200mV 0C Model Setup 'Driver_Teclado:teclado1|b'
Slack : -0.748
TNS   : -4.173

Type  : Slow 1200mV 0C Model Setup 'Driver_Teclado:teclado1|clkout'
Slack : -0.571
TNS   : -1.416

Type  : Slow 1200mV 0C Model Setup 'Driver_Teclado:teclado1|clkout2'
Slack : -0.519
TNS   : -3.087

Type  : Slow 1200mV 0C Model Hold 'Driver_Teclado:teclado1|clkout'
Slack : 0.306
TNS   : 0.000

Type  : Slow 1200mV 0C Model Hold 'clk'
Slack : 0.307
TNS   : 0.000

Type  : Slow 1200mV 0C Model Hold 'cntdiv_n:clk_divisor|clkout'
Slack : 0.307
TNS   : 0.000

Type  : Slow 1200mV 0C Model Hold 'Driver_Teclado:teclado1|clkout2'
Slack : 0.399
TNS   : 0.000

Type  : Slow 1200mV 0C Model Hold 'vga_ctrl_640x480_60Hz:vga_ctrl_inst|cntdiv_n:cntdiv_0|clkout'
Slack : 0.404
TNS   : 0.000

Type  : Slow 1200mV 0C Model Hold 'Driver_Teclado:teclado1|b'
Slack : 0.600
TNS   : 0.000

Type  : Slow 1200mV 0C Model Minimum Pulse Width 'clk'
Slack : -3.000
TNS   : -77.359

Type  : Slow 1200mV 0C Model Minimum Pulse Width 'cntdiv_n:clk_divisor|clkout'
Slack : -1.403
TNS   : -124.867

Type  : Slow 1200mV 0C Model Minimum Pulse Width 'Driver_Teclado:teclado1|clkout2'
Slack : -1.403
TNS   : -51.911

Type  : Slow 1200mV 0C Model Minimum Pulse Width 'vga_ctrl_640x480_60Hz:vga_ctrl_inst|cntdiv_n:cntdiv_0|clkout'
Slack : -1.403
TNS   : -50.508

Type  : Slow 1200mV 0C Model Minimum Pulse Width 'Driver_Teclado:teclado1|b'
Slack : -1.403
TNS   : -11.224

Type  : Slow 1200mV 0C Model Minimum Pulse Width 'Driver_Teclado:teclado1|clkout'
Slack : -1.403
TNS   : -8.418

Type  : Fast 1200mV 0C Model Setup 'vga_ctrl_640x480_60Hz:vga_ctrl_inst|cntdiv_n:cntdiv_0|clkout'
Slack : -6.187
TNS   : -93.022

Type  : Fast 1200mV 0C Model Setup 'cntdiv_n:clk_divisor|clkout'
Slack : -3.192
TNS   : -204.215

Type  : Fast 1200mV 0C Model Setup 'clk'
Slack : -1.162
TNS   : -16.759

Type  : Fast 1200mV 0C Model Setup 'Driver_Teclado:teclado1|b'
Slack : 0.178
TNS   : 0.000

Type  : Fast 1200mV 0C Model Setup 'Driver_Teclado:teclado1|clkout'
Slack : 0.217
TNS   : 0.000

Type  : Fast 1200mV 0C Model Setup 'Driver_Teclado:teclado1|clkout2'
Slack : 0.288
TNS   : 0.000

Type  : Fast 1200mV 0C Model Hold 'Driver_Teclado:teclado1|clkout'
Slack : 0.148
TNS   : 0.000

Type  : Fast 1200mV 0C Model Hold 'clk'
Slack : 0.148
TNS   : 0.000

Type  : Fast 1200mV 0C Model Hold 'cntdiv_n:clk_divisor|clkout'
Slack : 0.149
TNS   : 0.000

Type  : Fast 1200mV 0C Model Hold 'Driver_Teclado:teclado1|clkout2'
Slack : 0.164
TNS   : 0.000

Type  : Fast 1200mV 0C Model Hold 'vga_ctrl_640x480_60Hz:vga_ctrl_inst|cntdiv_n:cntdiv_0|clkout'
Slack : 0.176
TNS   : 0.000

Type  : Fast 1200mV 0C Model Hold 'Driver_Teclado:teclado1|b'
Slack : 0.193
TNS   : 0.000

Type  : Fast 1200mV 0C Model Minimum Pulse Width 'clk'
Slack : -3.000
TNS   : -57.691

Type  : Fast 1200mV 0C Model Minimum Pulse Width 'cntdiv_n:clk_divisor|clkout'
Slack : -1.000
TNS   : -89.000

Type  : Fast 1200mV 0C Model Minimum Pulse Width 'Driver_Teclado:teclado1|clkout2'
Slack : -1.000
TNS   : -37.000

Type  : Fast 1200mV 0C Model Minimum Pulse Width 'vga_ctrl_640x480_60Hz:vga_ctrl_inst|cntdiv_n:cntdiv_0|clkout'
Slack : -1.000
TNS   : -36.000

Type  : Fast 1200mV 0C Model Minimum Pulse Width 'Driver_Teclado:teclado1|b'
Slack : -1.000
TNS   : -8.000

Type  : Fast 1200mV 0C Model Minimum Pulse Width 'Driver_Teclado:teclado1|clkout'
Slack : -1.000
TNS   : -6.000

------------------------------------------------------------
